* installing *source* package ‘colvR’ ...
** this is package ‘colvR’ version ‘0.1.1’
** using staged installation
** libs
using C++ compiler: ‘g++ (Ubuntu 11.4.0-1ubuntu1~22.04.2) 11.4.0’
using C++17
g++ -std=gnu++17 -I"/usr/share/R/include" -DNDEBUG -DSTRICT_R_HEADERS -I'/home/bbricout/R/x86_64-pc-linux-gnu-library/4.5/Rcpp/include' -I'/home/bbricout/R/x86_64-pc-linux-gnu-library/4.5/RcppArmadillo/include' -I'/home/bbricout/R/x86_64-pc-linux-gnu-library/4.5/nloptr/include'     -fpic  -g -O2 -ffile-prefix-map=/build/r-base-0RQCNp/r-base-4.5.1=. -fstack-protector-strong -Wformat -Werror=format-security -Wdate-time -D_FORTIFY_SOURCE=2   -c RcppExports.cpp -o RcppExports.o
g++ -std=gnu++17 -I"/usr/share/R/include" -DNDEBUG -DSTRICT_R_HEADERS -I'/home/bbricout/R/x86_64-pc-linux-gnu-library/4.5/Rcpp/include' -I'/home/bbricout/R/x86_64-pc-linux-gnu-library/4.5/RcppArmadillo/include' -I'/home/bbricout/R/x86_64-pc-linux-gnu-library/4.5/nloptr/include'     -fpic  -g -O2 -ffile-prefix-map=/build/r-base-0RQCNp/r-base-4.5.1=. -fstack-protector-strong -Wformat -Werror=format-security -Wdate-time -D_FORTIFY_SOURCE=2   -c nlopt_wrapper.cpp -o nlopt_wrapper.o
g++ -std=gnu++17 -I"/usr/share/R/include" -DNDEBUG -DSTRICT_R_HEADERS -I'/home/bbricout/R/x86_64-pc-linux-gnu-library/4.5/Rcpp/include' -I'/home/bbricout/R/x86_64-pc-linux-gnu-library/4.5/RcppArmadillo/include' -I'/home/bbricout/R/x86_64-pc-linux-gnu-library/4.5/nloptr/include'     -fpic  -g -O2 -ffile-prefix-map=/build/r-base-0RQCNp/r-base-4.5.1=. -fstack-protector-strong -Wformat -Werror=format-security -Wdate-time -D_FORTIFY_SOURCE=2   -c optim_rank_ZIP.cpp -o optim_rank_ZIP.o
g++ -std=gnu++17 -I"/usr/share/R/include" -DNDEBUG -DSTRICT_R_HEADERS -I'/home/bbricout/R/x86_64-pc-linux-gnu-library/4.5/Rcpp/include' -I'/home/bbricout/R/x86_64-pc-linux-gnu-library/4.5/RcppArmadillo/include' -I'/home/bbricout/R/x86_64-pc-linux-gnu-library/4.5/nloptr/include'     -fpic  -g -O2 -ffile-prefix-map=/build/r-base-0RQCNp/r-base-4.5.1=. -fstack-protector-strong -Wformat -Werror=format-security -Wdate-time -D_FORTIFY_SOURCE=2   -c optim_rank_ZIP_M.cpp -o optim_rank_ZIP_M.o
g++ -std=gnu++17 -I"/usr/share/R/include" -DNDEBUG -DSTRICT_R_HEADERS -I'/home/bbricout/R/x86_64-pc-linux-gnu-library/4.5/Rcpp/include' -I'/home/bbricout/R/x86_64-pc-linux-gnu-library/4.5/RcppArmadillo/include' -I'/home/bbricout/R/x86_64-pc-linux-gnu-library/4.5/nloptr/include'     -fpic  -g -O2 -ffile-prefix-map=/build/r-base-0RQCNp/r-base-4.5.1=. -fstack-protector-strong -Wformat -Werror=format-security -Wdate-time -D_FORTIFY_SOURCE=2   -c optim_rank_ZIP_VE.cpp -o optim_rank_ZIP_VE.o
g++ -std=gnu++17 -I"/usr/share/R/include" -DNDEBUG -DSTRICT_R_HEADERS -I'/home/bbricout/R/x86_64-pc-linux-gnu-library/4.5/Rcpp/include' -I'/home/bbricout/R/x86_64-pc-linux-gnu-library/4.5/RcppArmadillo/include' -I'/home/bbricout/R/x86_64-pc-linux-gnu-library/4.5/nloptr/include'     -fpic  -g -O2 -ffile-prefix-map=/build/r-base-0RQCNp/r-base-4.5.1=. -fstack-protector-strong -Wformat -Werror=format-security -Wdate-time -D_FORTIFY_SOURCE=2   -c optim_rank_ZIP_alternate.cpp -o optim_rank_ZIP_alternate.o
g++ -std=gnu++17 -I"/usr/share/R/include" -DNDEBUG -DSTRICT_R_HEADERS -I'/home/bbricout/R/x86_64-pc-linux-gnu-library/4.5/Rcpp/include' -I'/home/bbricout/R/x86_64-pc-linux-gnu-library/4.5/RcppArmadillo/include' -I'/home/bbricout/R/x86_64-pc-linux-gnu-library/4.5/nloptr/include'     -fpic  -g -O2 -ffile-prefix-map=/build/r-base-0RQCNp/r-base-4.5.1=. -fstack-protector-strong -Wformat -Werror=format-security -Wdate-time -D_FORTIFY_SOURCE=2   -c optim_rank_ZIP_q0.cpp -o optim_rank_ZIP_q0.o
g++ -std=gnu++17 -I"/usr/share/R/include" -DNDEBUG -DSTRICT_R_HEADERS -I'/home/bbricout/R/x86_64-pc-linux-gnu-library/4.5/Rcpp/include' -I'/home/bbricout/R/x86_64-pc-linux-gnu-library/4.5/RcppArmadillo/include' -I'/home/bbricout/R/x86_64-pc-linux-gnu-library/4.5/nloptr/include'     -fpic  -g -O2 -ffile-prefix-map=/build/r-base-0RQCNp/r-base-4.5.1=. -fstack-protector-strong -Wformat -Werror=format-security -Wdate-time -D_FORTIFY_SOURCE=2   -c optim_rank_cov.cpp -o optim_rank_cov.o
g++ -std=gnu++17 -I"/usr/share/R/include" -DNDEBUG -DSTRICT_R_HEADERS -I'/home/bbricout/R/x86_64-pc-linux-gnu-library/4.5/Rcpp/include' -I'/home/bbricout/R/x86_64-pc-linux-gnu-library/4.5/RcppArmadillo/include' -I'/home/bbricout/R/x86_64-pc-linux-gnu-library/4.5/nloptr/include'     -fpic  -g -O2 -ffile-prefix-map=/build/r-base-0RQCNp/r-base-4.5.1=. -fstack-protector-strong -Wformat -Werror=format-security -Wdate-time -D_FORTIFY_SOURCE=2   -c optim_rank_cov_inter.cpp -o optim_rank_cov_inter.o
g++ -std=gnu++17 -I"/usr/share/R/include" -DNDEBUG -DSTRICT_R_HEADERS -I'/home/bbricout/R/x86_64-pc-linux-gnu-library/4.5/Rcpp/include' -I'/home/bbricout/R/x86_64-pc-linux-gnu-library/4.5/RcppArmadillo/include' -I'/home/bbricout/R/x86_64-pc-linux-gnu-library/4.5/nloptr/include'     -fpic  -g -O2 -ffile-prefix-map=/build/r-base-0RQCNp/r-base-4.5.1=. -fstack-protector-strong -Wformat -Werror=format-security -Wdate-time -D_FORTIFY_SOURCE=2   -c optim_rank_zip_log.cpp -o optim_rank_zip_log.o
g++ -std=gnu++17 -I"/usr/share/R/include" -DNDEBUG -DSTRICT_R_HEADERS -I'/home/bbricout/R/x86_64-pc-linux-gnu-library/4.5/Rcpp/include' -I'/home/bbricout/R/x86_64-pc-linux-gnu-library/4.5/RcppArmadillo/include' -I'/home/bbricout/R/x86_64-pc-linux-gnu-library/4.5/nloptr/include'     -fpic  -g -O2 -ffile-prefix-map=/build/r-base-0RQCNp/r-base-4.5.1=. -fstack-protector-strong -Wformat -Werror=format-security -Wdate-time -D_FORTIFY_SOURCE=2   -c packing.cpp -o packing.o
g++ -std=gnu++17 -I"/usr/share/R/include" -DNDEBUG -DSTRICT_R_HEADERS -I'/home/bbricout/R/x86_64-pc-linux-gnu-library/4.5/Rcpp/include' -I'/home/bbricout/R/x86_64-pc-linux-gnu-library/4.5/RcppArmadillo/include' -I'/home/bbricout/R/x86_64-pc-linux-gnu-library/4.5/nloptr/include'     -fpic  -g -O2 -ffile-prefix-map=/build/r-base-0RQCNp/r-base-4.5.1=. -fstack-protector-strong -Wformat -Werror=format-security -Wdate-time -D_FORTIFY_SOURCE=2   -c utilsBB.cpp -o utilsBB.o
g++ -std=gnu++17 -shared -L/usr/lib/R/lib -Wl,-Bsymbolic-functions -flto=auto -ffat-lto-objects -flto=auto -Wl,-z,relro -o colvR.so RcppExports.o nlopt_wrapper.o optim_rank_ZIP.o optim_rank_ZIP_M.o optim_rank_ZIP_VE.o optim_rank_ZIP_alternate.o optim_rank_ZIP_q0.o optim_rank_cov.o optim_rank_cov_inter.o optim_rank_zip_log.o packing.o utilsBB.o -lnlopt -llapack -lblas -lgfortran -lm -lquadmath -L/usr/lib/R/lib -lR
installing to /home/bbricout/Code/colvR/colvR.Rcheck/00LOCK-colvR/00new/colvR/libs
** R
** data
** inst
** byte-compile and prepare package for lazy loading
** help
*** installing help indices
*** copying figures
** building package indices
** installing vignettes
** testing if installed package can be loaded from temporary location
** checking absolute paths in shared objects and dynamic libraries
** testing if installed package can be loaded from final location
** testing if installed package keeps a record of temporary installation path
* DONE (colvR)
