Hmm ... looks like a package
Converting parsed Rd's to LaTeX ..
Creating pdf output from LaTeX ...

This is pdfTeX, Version 3.141592653-2.6-1.40.22 (TeX Live 2022/dev/Debian) (preloaded format=pdflatex)
 restricted \write18 enabled.
entering extended mode
LaTeX2e <2021-11-15> patch level 1
L3 programming layer <2022-01-21> (./Rd2.tex
(/usr/share/texlive/texmf-dist/tex/latex/base/book.cls
Document Class: book 2021/10/04 v1.4n Standard LaTeX document class
(/usr/share/texlive/texmf-dist/tex/latex/base/bk10.clo))
(/usr/share/R/share/texmf/tex/latex/Rd.sty
(/usr/share/texlive/texmf-dist/tex/latex/base/ifthen.sty)
(/usr/share/texlive/texmf-dist/tex/generic/iftex/iftex.sty)
(/usr/share/texlive/texmf-dist/tex/latex/tools/longtable.sty)
(/usr/share/texlive/texmf-dist/tex/latex/tools/bm.sty)
(/usr/share/texlive/texmf-dist/tex/latex/base/alltt.sty)
(/usr/share/texlive/texmf-dist/tex/latex/tools/verbatim.sty)
(/usr/share/texlive/texmf-dist/tex/latex/url/url.sty)
(/usr/share/texlive/texmf-dist/tex/latex/base/textcomp.sty)
(/usr/share/texlive/texmf-dist/tex/latex/amsmath/amsmath.sty
For additional information on amsmath, use the `?' option.
(/usr/share/texlive/texmf-dist/tex/latex/amsmath/amstext.sty
(/usr/share/texlive/texmf-dist/tex/latex/amsmath/amsgen.sty))
(/usr/share/texlive/texmf-dist/tex/latex/amsmath/amsbsy.sty)
(/usr/share/texlive/texmf-dist/tex/latex/amsmath/amsopn.sty))
(/usr/share/texlive/texmf-dist/tex/latex/amsfonts/amsfonts.sty)
(/usr/share/texlive/texmf-dist/tex/latex/amsfonts/amssymb.sty)
(/usr/share/texlive/texmf-dist/tex/latex/jknapltx/mathrsfs.sty)
(/usr/share/texlive/texmf-dist/tex/latex/base/fontenc.sty)
(/usr/share/texlive/texmf-dist/tex/latex/psnfss/times.sty)
(/usr/share/texlive/texmf-dist/tex/latex/inconsolata/zi4.sty
`inconsolata-zi4' v1.12, 2019/05/17 Text macros for Inconsolata (msharpe)
(/usr/share/texlive/texmf-dist/tex/latex/xkeyval/xkeyval.sty
(/usr/share/texlive/texmf-dist/tex/generic/xkeyval/xkeyval.tex
(/usr/share/texlive/texmf-dist/tex/generic/xkeyval/xkvutils.tex
(/usr/share/texlive/texmf-dist/tex/generic/xkeyval/keyval.tex)))))
(/usr/share/texlive/texmf-dist/tex/latex/graphics/color.sty
(/usr/share/texlive/texmf-dist/tex/latex/graphics-cfg/color.cfg)
(/usr/share/texlive/texmf-dist/tex/latex/graphics-def/pdftex.def))
(/usr/share/texlive/texmf-dist/tex/latex/hyperref/hyperref.sty
(/usr/share/texlive/texmf-dist/tex/generic/ltxcmds/ltxcmds.sty)
(/usr/share/texlive/texmf-dist/tex/generic/pdftexcmds/pdftexcmds.sty
(/usr/share/texlive/texmf-dist/tex/generic/infwarerr/infwarerr.sty))
(/usr/share/texlive/texmf-dist/tex/generic/kvsetkeys/kvsetkeys.sty)
(/usr/share/texlive/texmf-dist/tex/generic/kvdefinekeys/kvdefinekeys.sty)
(/usr/share/texlive/texmf-dist/tex/generic/pdfescape/pdfescape.sty)
(/usr/share/texlive/texmf-dist/tex/latex/hycolor/hycolor.sty)
(/usr/share/texlive/texmf-dist/tex/latex/letltxmacro/letltxmacro.sty)
(/usr/share/texlive/texmf-dist/tex/latex/auxhook/auxhook.sty)
(/usr/share/texlive/texmf-dist/tex/latex/kvoptions/kvoptions.sty)
(/usr/share/texlive/texmf-dist/tex/latex/hyperref/pd1enc.def)
(/usr/share/texlive/texmf-dist/tex/latex/hyperref/hyperref-langpatches.def)
(/usr/share/texlive/texmf-dist/tex/generic/intcalc/intcalc.sty)
(/usr/share/texlive/texmf-dist/tex/generic/etexcmds/etexcmds.sty)
(/usr/share/texlive/texmf-dist/tex/latex/hyperref/puenc.def)
(/usr/share/texlive/texmf-dist/tex/generic/bitset/bitset.sty
(/usr/share/texlive/texmf-dist/tex/generic/bigintcalc/bigintcalc.sty))
(/usr/share/texlive/texmf-dist/tex/latex/base/atbegshi-ltx.sty))
(/usr/share/texlive/texmf-dist/tex/latex/hyperref/hpdftex.def
(/usr/share/texlive/texmf-dist/tex/latex/base/atveryend-ltx.sty)
(/usr/share/texlive/texmf-dist/tex/latex/rerunfilecheck/rerunfilecheck.sty
(/usr/share/texlive/texmf-dist/tex/generic/uniquecounter/uniquecounter.sty))))
(/usr/share/texlive/texmf-dist/tex/latex/base/makeidx.sty)
Writing index file Rd2.idx
(/usr/share/texlive/texmf-dist/tex/latex/psnfss/t1ptm.fd)
(/usr/share/texlive/texmf-dist/tex/latex/l3backend/l3backend-pdftex.def)
No file Rd2.aux.
(/usr/share/texlive/texmf-dist/tex/context/base/mkii/supp-pdf.mkii
[Loading MPS to PDF converter (version 2006.09.02).]
) (/usr/share/texlive/texmf-dist/tex/latex/hyperref/nameref.sty
(/usr/share/texlive/texmf-dist/tex/latex/refcount/refcount.sty)
(/usr/share/texlive/texmf-dist/tex/generic/gettitlestring/gettitlestring.sty))
(/usr/share/texlive/texmf-dist/tex/latex/inconsolata/t1zi4.fd)
(/usr/share/texlive/texmf-dist/tex/latex/amsfonts/umsa.fd)
(/usr/share/texlive/texmf-dist/tex/latex/amsfonts/umsb.fd)
(/usr/share/texlive/texmf-dist/tex/latex/jknapltx/ursfs.fd) [1{/var/lib/texmf/f
onts/map/pdftex/updmap/pdftex.map}] [2] [3] [4] [5] [6]
Overfull \hbox (20.34743pt too wide) in paragraph at lines 372--378
\T1/ptm/m/n/10 (ZIP-PLN). Re-gres-sion co-ef-fi-cients for the abun-dance part 
([]\T1/zi4/m/n/10 B[]\T1/ptm/m/n/10 ) are ob-tained by re-gress-ing []\T1/zi4/m
/n/10 log(1+vec(Y))
[7] [8] [9]
Overfull \hbox (30.43875pt too wide) in paragraph at lines 519--521
[]\T1/ptm/m/n/10 Optional op-ti-mizer con-fig-u-ra-tion; if []\T1/zi4/m/n/10 NU
LL[]\T1/ptm/m/n/10 , de-faults to []\T1/zi4/m/n/10 PLNPCA_param()$config_optim[
]\T1/ptm/m/n/10 . 
[10]
Overfull \hbox (0.39792pt too wide) in paragraph at lines 618--620
[]\T1/ptm/m/n/10 List with nu-meric bounds for the vari-a-tional scales []\T1/z
i4/m/n/10 S[]\T1/ptm/m/n/10 : el-e-ments []\T1/zi4/m/n/10 lower []\T1/ptm/m/n/1
0 and []\T1/zi4/m/n/10 upper[]\T1/ptm/m/n/10 .
[11]
Overfull \hbox (1.47813pt too wide) in paragraph at lines 649--655
[]\T1/ptm/m/n/10 List with pre-dic-tors and ex-pected counts: []\T1/zi4/m/n/10 
mu []\T1/ptm/m/n/10 ([]\T1/zi4/m/n/10 n x p[]\T1/ptm/m/n/10 , abun-dance mean),
 []\T1/zi4/m/n/10 nu []\T1/ptm/m/n/10 ([]\T1/zi4/m/n/10 n x p[]\T1/ptm/m/n/10 ,
 zero[]inflation
[12] [13]
Overfull \hbox (34.75848pt too wide) in paragraph at lines 737--739
[]\T1/ptm/m/n/10 Optional list of op-ti-mizer con-trols. If []\T1/zi4/m/n/10 NU
LL[]\T1/ptm/m/n/10 , de-faults to []\T1/zi4/m/n/10 PLNPCA_param()$config_optim[
]\T1/ptm/m/n/10 . 

Overfull \hbox (27.03845pt too wide) in paragraph at lines 776--778
[]\T1/ptm/m/n/10 ELBO gra-di-ents w.r.t. cor-re-spond-ing pa-ram-e-ters (via []
[][]\T1/zi4/m/n/10 Elbo_grad[][][][]\T1/ptm/m/n/10 ). 
[14] [15]
Overfull \hbox (20.64726pt too wide) in paragraph at lines 858--864
\T1/ptm/m/n/10 ob-jec-tive. Box con-straints for []\T1/zi4/m/n/10 S []\T1/ptm/m
/n/10 are set us-ing []\T1/zi4/m/n/10 config_vem$tolS []\T1/ptm/m/n/10 and in-j
ected into []\T1/zi4/m/n/10 config$upper_bounds

Overfull \hbox (15.5597pt too wide) in paragraph at lines 858--864
[]\T1/ptm/m/n/10 and []\T1/zi4/m/n/10 config$lower_bounds[]\T1/ptm/m/n/10 . Eac
h block up-date calls the back-end []\T1/zi4/m/n/10 nlopt_optimize_ZIP_Steps(da
ta,

Overfull \hbox (13.09863pt too wide) in paragraph at lines 891--893
[]\T1/ptm/m/n/10 ELBO gra-di-ents w.r.t. each pa-ram-e-ter block (from [][][]\T
1/zi4/m/n/10 Elbo_grad[][][][]\T1/ptm/m/n/10 )
[16]
Overfull \hbox (12.75603pt too wide) in paragraph at lines 923--927
\T1/ptm/m/n/10 miss-ing val-ues us-ing a sin-gle call to a vari-a-tional op-ti-
miza-tion back-end (VE). Re-turns model/variational
[17]
Overfull \hbox (1.2782pt too wide) in paragraph at lines 993--994
[]\T1/ptm/m/n/10 Decomposition terms of the ELBO (as re-turned by the back-
[18] (/usr/share/texlive/texmf-dist/tex/latex/psnfss/ts1ptm.fd) [19] [20]
[21] [22]
No file Rd2.ind.
[23] (/tmp/RtmpqNfmlJ/Rd2pdf9c5b22c69e498/Rd2.aux)

Package rerunfilecheck Warning: File `Rd2.out' has changed.
(rerunfilecheck)                Rerun to get outlines right
(rerunfilecheck)                or use package `bookmark'.

 )
(see the transcript file for additional information){/usr/share/texlive/texmf-d
ist/fonts/enc/dvips/base/8r.enc}{/usr/share/texlive/texmf-dist/fonts/enc/dvips/
inconsolata/i4-t1-0.enc}</usr/share/texlive/texmf-dist/fonts/type1/public/incon
solata/Inconsolata-zi4r.pfb></usr/share/texlive/texmf-dist/fonts/type1/public/a
msfonts/cm/cmbx10.pfb></usr/share/texlive/texmf-dist/fonts/type1/public/amsfont
s/cm/cmex10.pfb></usr/share/texlive/texmf-dist/fonts/type1/public/amsfonts/cm/c
mmi10.pfb></usr/share/texlive/texmf-dist/fonts/type1/public/amsfonts/cm/cmmi7.p
fb></usr/share/texlive/texmf-dist/fonts/type1/public/amsfonts/cm/cmr10.pfb></us
r/share/texlive/texmf-dist/fonts/type1/public/amsfonts/cm/cmr7.pfb></usr/share/
texlive/texmf-dist/fonts/type1/public/amsfonts/cm/cmsy10.pfb></usr/share/texliv
e/texmf-dist/fonts/type1/public/amsfonts/cm/cmsy7.pfb></usr/share/texlive/texmf
-dist/fonts/type1/urw/times/utmb8a.pfb></usr/share/texlive/texmf-dist/fonts/typ
e1/urw/times/utmr8a.pfb></usr/share/texlive/texmf-dist/fonts/type1/urw/times/ut
mr8a.pfb></usr/share/texlive/texmf-dist/fonts/type1/urw/times/utmri8a.pfb>
Output written on Rd2.pdf (23 pages, 214735 bytes).
Transcript written on Rd2.log.
This is makeindex, version 2.15 [TeX Live 2022/dev] (kpathsea + Thai support).
Scanning input file Rd2.idx....done (65 entries accepted, 0 rejected).
Sorting entries....done (388 comparisons).
Generating output file Rd2.ind....done (77 lines written, 2 warnings).
Output written in Rd2.ind.
Transcript written in Rd2.ilg.
This is pdfTeX, Version 3.141592653-2.6-1.40.22 (TeX Live 2022/dev/Debian) (preloaded format=pdflatex)
 restricted \write18 enabled.
entering extended mode
LaTeX2e <2021-11-15> patch level 1
L3 programming layer <2022-01-21> (./Rd2.tex
(/usr/share/texlive/texmf-dist/tex/latex/base/book.cls
Document Class: book 2021/10/04 v1.4n Standard LaTeX document class
(/usr/share/texlive/texmf-dist/tex/latex/base/bk10.clo))
(/usr/share/R/share/texmf/tex/latex/Rd.sty
(/usr/share/texlive/texmf-dist/tex/latex/base/ifthen.sty)
(/usr/share/texlive/texmf-dist/tex/generic/iftex/iftex.sty)
(/usr/share/texlive/texmf-dist/tex/latex/tools/longtable.sty)
(/usr/share/texlive/texmf-dist/tex/latex/tools/bm.sty)
(/usr/share/texlive/texmf-dist/tex/latex/base/alltt.sty)
(/usr/share/texlive/texmf-dist/tex/latex/tools/verbatim.sty)
(/usr/share/texlive/texmf-dist/tex/latex/url/url.sty)
(/usr/share/texlive/texmf-dist/tex/latex/base/textcomp.sty)
(/usr/share/texlive/texmf-dist/tex/latex/amsmath/amsmath.sty
For additional information on amsmath, use the `?' option.
(/usr/share/texlive/texmf-dist/tex/latex/amsmath/amstext.sty
(/usr/share/texlive/texmf-dist/tex/latex/amsmath/amsgen.sty))
(/usr/share/texlive/texmf-dist/tex/latex/amsmath/amsbsy.sty)
(/usr/share/texlive/texmf-dist/tex/latex/amsmath/amsopn.sty))
(/usr/share/texlive/texmf-dist/tex/latex/amsfonts/amsfonts.sty)
(/usr/share/texlive/texmf-dist/tex/latex/amsfonts/amssymb.sty)
(/usr/share/texlive/texmf-dist/tex/latex/jknapltx/mathrsfs.sty)
(/usr/share/texlive/texmf-dist/tex/latex/base/fontenc.sty)
(/usr/share/texlive/texmf-dist/tex/latex/psnfss/times.sty)
(/usr/share/texlive/texmf-dist/tex/latex/inconsolata/zi4.sty
`inconsolata-zi4' v1.12, 2019/05/17 Text macros for Inconsolata (msharpe)
(/usr/share/texlive/texmf-dist/tex/latex/xkeyval/xkeyval.sty
(/usr/share/texlive/texmf-dist/tex/generic/xkeyval/xkeyval.tex
(/usr/share/texlive/texmf-dist/tex/generic/xkeyval/xkvutils.tex
(/usr/share/texlive/texmf-dist/tex/generic/xkeyval/keyval.tex)))))
(/usr/share/texlive/texmf-dist/tex/latex/graphics/color.sty
(/usr/share/texlive/texmf-dist/tex/latex/graphics-cfg/color.cfg)
(/usr/share/texlive/texmf-dist/tex/latex/graphics-def/pdftex.def))
(/usr/share/texlive/texmf-dist/tex/latex/hyperref/hyperref.sty
(/usr/share/texlive/texmf-dist/tex/generic/ltxcmds/ltxcmds.sty)
(/usr/share/texlive/texmf-dist/tex/generic/pdftexcmds/pdftexcmds.sty
(/usr/share/texlive/texmf-dist/tex/generic/infwarerr/infwarerr.sty))
(/usr/share/texlive/texmf-dist/tex/generic/kvsetkeys/kvsetkeys.sty)
(/usr/share/texlive/texmf-dist/tex/generic/kvdefinekeys/kvdefinekeys.sty)
(/usr/share/texlive/texmf-dist/tex/generic/pdfescape/pdfescape.sty)
(/usr/share/texlive/texmf-dist/tex/latex/hycolor/hycolor.sty)
(/usr/share/texlive/texmf-dist/tex/latex/letltxmacro/letltxmacro.sty)
(/usr/share/texlive/texmf-dist/tex/latex/auxhook/auxhook.sty)
(/usr/share/texlive/texmf-dist/tex/latex/kvoptions/kvoptions.sty)
(/usr/share/texlive/texmf-dist/tex/latex/hyperref/pd1enc.def)
(/usr/share/texlive/texmf-dist/tex/latex/hyperref/hyperref-langpatches.def)
(/usr/share/texlive/texmf-dist/tex/generic/intcalc/intcalc.sty)
(/usr/share/texlive/texmf-dist/tex/generic/etexcmds/etexcmds.sty)
(/usr/share/texlive/texmf-dist/tex/latex/hyperref/puenc.def)
(/usr/share/texlive/texmf-dist/tex/generic/bitset/bitset.sty
(/usr/share/texlive/texmf-dist/tex/generic/bigintcalc/bigintcalc.sty))
(/usr/share/texlive/texmf-dist/tex/latex/base/atbegshi-ltx.sty))
(/usr/share/texlive/texmf-dist/tex/latex/hyperref/hpdftex.def
(/usr/share/texlive/texmf-dist/tex/latex/base/atveryend-ltx.sty)
(/usr/share/texlive/texmf-dist/tex/latex/rerunfilecheck/rerunfilecheck.sty
(/usr/share/texlive/texmf-dist/tex/generic/uniquecounter/uniquecounter.sty))))
(/usr/share/texlive/texmf-dist/tex/latex/base/makeidx.sty)
Writing index file Rd2.idx
(/usr/share/texlive/texmf-dist/tex/latex/psnfss/t1ptm.fd)
(/usr/share/texlive/texmf-dist/tex/latex/l3backend/l3backend-pdftex.def)
(/tmp/RtmpqNfmlJ/Rd2pdf9c5b22c69e498/Rd2.aux)
(/usr/share/texlive/texmf-dist/tex/context/base/mkii/supp-pdf.mkii
[Loading MPS to PDF converter (version 2006.09.02).]
) (/usr/share/texlive/texmf-dist/tex/latex/hyperref/nameref.sty
(/usr/share/texlive/texmf-dist/tex/latex/refcount/refcount.sty)
(/usr/share/texlive/texmf-dist/tex/generic/gettitlestring/gettitlestring.sty))
(/tmp/RtmpqNfmlJ/Rd2pdf9c5b22c69e498/Rd2.out)
(/tmp/RtmpqNfmlJ/Rd2pdf9c5b22c69e498/Rd2.out)
(/usr/share/texlive/texmf-dist/tex/latex/inconsolata/t1zi4.fd)
(/usr/share/texlive/texmf-dist/tex/latex/amsfonts/umsa.fd)
(/usr/share/texlive/texmf-dist/tex/latex/amsfonts/umsb.fd)
(/usr/share/texlive/texmf-dist/tex/latex/jknapltx/ursfs.fd)
(/tmp/RtmpqNfmlJ/Rd2pdf9c5b22c69e498/Rd2.toc [1{/var/lib/texmf/fonts/map/pdftex
/updmap/pdftex.map}]) [2] [3] [4] [5] [6] [7]
Overfull \hbox (20.34743pt too wide) in paragraph at lines 372--378
\T1/ptm/m/n/10 (ZIP-PLN). Re-gres-sion co-ef-fi-cients for the abun-dance part 
([]\T1/zi4/m/n/10 B[]\T1/ptm/m/n/10 ) are ob-tained by re-gress-ing []\T1/zi4/m
/n/10 log(1+vec(Y))
[8] [9]
Overfull \hbox (30.43875pt too wide) in paragraph at lines 519--521
[]\T1/ptm/m/n/10 Optional op-ti-mizer con-fig-u-ra-tion; if []\T1/zi4/m/n/10 NU
LL[]\T1/ptm/m/n/10 , de-faults to []\T1/zi4/m/n/10 PLNPCA_param()$config_optim[
]\T1/ptm/m/n/10 . 
[10] [11]
Overfull \hbox (0.39792pt too wide) in paragraph at lines 618--620
[]\T1/ptm/m/n/10 List with nu-meric bounds for the vari-a-tional scales []\T1/z
i4/m/n/10 S[]\T1/ptm/m/n/10 : el-e-ments []\T1/zi4/m/n/10 lower []\T1/ptm/m/n/1
0 and []\T1/zi4/m/n/10 upper[]\T1/ptm/m/n/10 .

Overfull \hbox (1.47813pt too wide) in paragraph at lines 649--655
[]\T1/ptm/m/n/10 List with pre-dic-tors and ex-pected counts: []\T1/zi4/m/n/10 
mu []\T1/ptm/m/n/10 ([]\T1/zi4/m/n/10 n x p[]\T1/ptm/m/n/10 , abun-dance mean),
 []\T1/zi4/m/n/10 nu []\T1/ptm/m/n/10 ([]\T1/zi4/m/n/10 n x p[]\T1/ptm/m/n/10 ,
 zero[]inflation
[12] [13]
Overfull \hbox (34.75848pt too wide) in paragraph at lines 737--739
[]\T1/ptm/m/n/10 Optional list of op-ti-mizer con-trols. If []\T1/zi4/m/n/10 NU
LL[]\T1/ptm/m/n/10 , de-faults to []\T1/zi4/m/n/10 PLNPCA_param()$config_optim[
]\T1/ptm/m/n/10 . 
[14]
Overfull \hbox (27.03845pt too wide) in paragraph at lines 776--778
[]\T1/ptm/m/n/10 ELBO gra-di-ents w.r.t. cor-re-spond-ing pa-ram-e-ters (via []
[][]\T1/zi4/m/n/10 Elbo_grad[][][][]\T1/ptm/m/n/10 ). 
[15]
Overfull \hbox (20.64726pt too wide) in paragraph at lines 858--864
\T1/ptm/m/n/10 ob-jec-tive. Box con-straints for []\T1/zi4/m/n/10 S []\T1/ptm/m
/n/10 are set us-ing []\T1/zi4/m/n/10 config_vem$tolS []\T1/ptm/m/n/10 and in-j
ected into []\T1/zi4/m/n/10 config$upper_bounds

Overfull \hbox (15.5597pt too wide) in paragraph at lines 858--864
[]\T1/ptm/m/n/10 and []\T1/zi4/m/n/10 config$lower_bounds[]\T1/ptm/m/n/10 . Eac
h block up-date calls the back-end []\T1/zi4/m/n/10 nlopt_optimize_ZIP_Steps(da
ta,
[16]
Overfull \hbox (13.09863pt too wide) in paragraph at lines 891--893
[]\T1/ptm/m/n/10 ELBO gra-di-ents w.r.t. each pa-ram-e-ter block (from [][][]\T
1/zi4/m/n/10 Elbo_grad[][][][]\T1/ptm/m/n/10 )

Overfull \hbox (12.75603pt too wide) in paragraph at lines 923--927
\T1/ptm/m/n/10 miss-ing val-ues us-ing a sin-gle call to a vari-a-tional op-ti-
miza-tion back-end (VE). Re-turns model/variational
[17]
Overfull \hbox (1.2782pt too wide) in paragraph at lines 993--994
[]\T1/ptm/m/n/10 Decomposition terms of the ELBO (as re-turned by the back-
[18] (/usr/share/texlive/texmf-dist/tex/latex/psnfss/ts1ptm.fd) [19] [20]
[21] [22] [23] (/tmp/RtmpqNfmlJ/Rd2pdf9c5b22c69e498/Rd2.ind [24] [25])
(/tmp/RtmpqNfmlJ/Rd2pdf9c5b22c69e498/Rd2.aux)

Package rerunfilecheck Warning: File `Rd2.out' has changed.
(rerunfilecheck)                Rerun to get outlines right
(rerunfilecheck)                or use package `bookmark'.

 )
(see the transcript file for additional information){/usr/share/texlive/texmf-d
ist/fonts/enc/dvips/base/8r.enc}{/usr/share/texlive/texmf-dist/fonts/enc/dvips/
inconsolata/i4-t1-0.enc}</usr/share/texlive/texmf-dist/fonts/type1/public/incon
solata/Inconsolata-zi4r.pfb></usr/share/texlive/texmf-dist/fonts/type1/public/a
msfonts/cm/cmbx10.pfb></usr/share/texlive/texmf-dist/fonts/type1/public/amsfont
s/cm/cmex10.pfb></usr/share/texlive/texmf-dist/fonts/type1/public/amsfonts/cm/c
mmi10.pfb></usr/share/texlive/texmf-dist/fonts/type1/public/amsfonts/cm/cmmi7.p
fb></usr/share/texlive/texmf-dist/fonts/type1/public/amsfonts/cm/cmr10.pfb></us
r/share/texlive/texmf-dist/fonts/type1/public/amsfonts/cm/cmr7.pfb></usr/share/
texlive/texmf-dist/fonts/type1/public/amsfonts/cm/cmsy10.pfb></usr/share/texliv
e/texmf-dist/fonts/type1/public/amsfonts/cm/cmsy7.pfb></usr/share/texlive/texmf
-dist/fonts/type1/urw/times/utmb8a.pfb></usr/share/texlive/texmf-dist/fonts/typ
e1/urw/times/utmr8a.pfb></usr/share/texlive/texmf-dist/fonts/type1/urw/times/ut
mr8a.pfb></usr/share/texlive/texmf-dist/fonts/type1/urw/times/utmri8a.pfb>
Output written on Rd2.pdf (25 pages, 221774 bytes).
Transcript written on Rd2.log.
This is makeindex, version 2.15 [TeX Live 2022/dev] (kpathsea + Thai support).
Scanning input file Rd2.idx....done (65 entries accepted, 0 rejected).
Sorting entries....done (390 comparisons).
Generating output file Rd2.ind....done (77 lines written, 0 warnings).
Output written in Rd2.ind.
Transcript written in Rd2.ilg.
This is pdfTeX, Version 3.141592653-2.6-1.40.22 (TeX Live 2022/dev/Debian) (preloaded format=pdflatex)
 restricted \write18 enabled.
entering extended mode
LaTeX2e <2021-11-15> patch level 1
L3 programming layer <2022-01-21> (./Rd2.tex
(/usr/share/texlive/texmf-dist/tex/latex/base/book.cls
Document Class: book 2021/10/04 v1.4n Standard LaTeX document class
(/usr/share/texlive/texmf-dist/tex/latex/base/bk10.clo))
(/usr/share/R/share/texmf/tex/latex/Rd.sty
(/usr/share/texlive/texmf-dist/tex/latex/base/ifthen.sty)
(/usr/share/texlive/texmf-dist/tex/generic/iftex/iftex.sty)
(/usr/share/texlive/texmf-dist/tex/latex/tools/longtable.sty)
(/usr/share/texlive/texmf-dist/tex/latex/tools/bm.sty)
(/usr/share/texlive/texmf-dist/tex/latex/base/alltt.sty)
(/usr/share/texlive/texmf-dist/tex/latex/tools/verbatim.sty)
(/usr/share/texlive/texmf-dist/tex/latex/url/url.sty)
(/usr/share/texlive/texmf-dist/tex/latex/base/textcomp.sty)
(/usr/share/texlive/texmf-dist/tex/latex/amsmath/amsmath.sty
For additional information on amsmath, use the `?' option.
(/usr/share/texlive/texmf-dist/tex/latex/amsmath/amstext.sty
(/usr/share/texlive/texmf-dist/tex/latex/amsmath/amsgen.sty))
(/usr/share/texlive/texmf-dist/tex/latex/amsmath/amsbsy.sty)
(/usr/share/texlive/texmf-dist/tex/latex/amsmath/amsopn.sty))
(/usr/share/texlive/texmf-dist/tex/latex/amsfonts/amsfonts.sty)
(/usr/share/texlive/texmf-dist/tex/latex/amsfonts/amssymb.sty)
(/usr/share/texlive/texmf-dist/tex/latex/jknapltx/mathrsfs.sty)
(/usr/share/texlive/texmf-dist/tex/latex/base/fontenc.sty)
(/usr/share/texlive/texmf-dist/tex/latex/psnfss/times.sty)
(/usr/share/texlive/texmf-dist/tex/latex/inconsolata/zi4.sty
`inconsolata-zi4' v1.12, 2019/05/17 Text macros for Inconsolata (msharpe)
(/usr/share/texlive/texmf-dist/tex/latex/xkeyval/xkeyval.sty
(/usr/share/texlive/texmf-dist/tex/generic/xkeyval/xkeyval.tex
(/usr/share/texlive/texmf-dist/tex/generic/xkeyval/xkvutils.tex
(/usr/share/texlive/texmf-dist/tex/generic/xkeyval/keyval.tex)))))
(/usr/share/texlive/texmf-dist/tex/latex/graphics/color.sty
(/usr/share/texlive/texmf-dist/tex/latex/graphics-cfg/color.cfg)
(/usr/share/texlive/texmf-dist/tex/latex/graphics-def/pdftex.def))
(/usr/share/texlive/texmf-dist/tex/latex/hyperref/hyperref.sty
(/usr/share/texlive/texmf-dist/tex/generic/ltxcmds/ltxcmds.sty)
(/usr/share/texlive/texmf-dist/tex/generic/pdftexcmds/pdftexcmds.sty
(/usr/share/texlive/texmf-dist/tex/generic/infwarerr/infwarerr.sty))
(/usr/share/texlive/texmf-dist/tex/generic/kvsetkeys/kvsetkeys.sty)
(/usr/share/texlive/texmf-dist/tex/generic/kvdefinekeys/kvdefinekeys.sty)
(/usr/share/texlive/texmf-dist/tex/generic/pdfescape/pdfescape.sty)
(/usr/share/texlive/texmf-dist/tex/latex/hycolor/hycolor.sty)
(/usr/share/texlive/texmf-dist/tex/latex/letltxmacro/letltxmacro.sty)
(/usr/share/texlive/texmf-dist/tex/latex/auxhook/auxhook.sty)
(/usr/share/texlive/texmf-dist/tex/latex/kvoptions/kvoptions.sty)
(/usr/share/texlive/texmf-dist/tex/latex/hyperref/pd1enc.def)
(/usr/share/texlive/texmf-dist/tex/latex/hyperref/hyperref-langpatches.def)
(/usr/share/texlive/texmf-dist/tex/generic/intcalc/intcalc.sty)
(/usr/share/texlive/texmf-dist/tex/generic/etexcmds/etexcmds.sty)
(/usr/share/texlive/texmf-dist/tex/latex/hyperref/puenc.def)
(/usr/share/texlive/texmf-dist/tex/generic/bitset/bitset.sty
(/usr/share/texlive/texmf-dist/tex/generic/bigintcalc/bigintcalc.sty))
(/usr/share/texlive/texmf-dist/tex/latex/base/atbegshi-ltx.sty))
(/usr/share/texlive/texmf-dist/tex/latex/hyperref/hpdftex.def
(/usr/share/texlive/texmf-dist/tex/latex/base/atveryend-ltx.sty)
(/usr/share/texlive/texmf-dist/tex/latex/rerunfilecheck/rerunfilecheck.sty
(/usr/share/texlive/texmf-dist/tex/generic/uniquecounter/uniquecounter.sty))))
(/usr/share/texlive/texmf-dist/tex/latex/base/makeidx.sty)
Writing index file Rd2.idx
(/usr/share/texlive/texmf-dist/tex/latex/psnfss/t1ptm.fd)
(/usr/share/texlive/texmf-dist/tex/latex/l3backend/l3backend-pdftex.def)
(/tmp/RtmpqNfmlJ/Rd2pdf9c5b22c69e498/Rd2.aux)
(/usr/share/texlive/texmf-dist/tex/context/base/mkii/supp-pdf.mkii
[Loading MPS to PDF converter (version 2006.09.02).]
) (/usr/share/texlive/texmf-dist/tex/latex/hyperref/nameref.sty
(/usr/share/texlive/texmf-dist/tex/latex/refcount/refcount.sty)
(/usr/share/texlive/texmf-dist/tex/generic/gettitlestring/gettitlestring.sty))
(/tmp/RtmpqNfmlJ/Rd2pdf9c5b22c69e498/Rd2.out)
(/tmp/RtmpqNfmlJ/Rd2pdf9c5b22c69e498/Rd2.out)
(/usr/share/texlive/texmf-dist/tex/latex/inconsolata/t1zi4.fd)
(/usr/share/texlive/texmf-dist/tex/latex/amsfonts/umsa.fd)
(/usr/share/texlive/texmf-dist/tex/latex/amsfonts/umsb.fd)
(/usr/share/texlive/texmf-dist/tex/latex/jknapltx/ursfs.fd)
(/tmp/RtmpqNfmlJ/Rd2pdf9c5b22c69e498/Rd2.toc [1{/var/lib/texmf/fonts/map/pdftex
/updmap/pdftex.map}]) [2] [3] [4] [5] [6] [7]
Overfull \hbox (20.34743pt too wide) in paragraph at lines 372--378
\T1/ptm/m/n/10 (ZIP-PLN). Re-gres-sion co-ef-fi-cients for the abun-dance part 
([]\T1/zi4/m/n/10 B[]\T1/ptm/m/n/10 ) are ob-tained by re-gress-ing []\T1/zi4/m
/n/10 log(1+vec(Y))
[8] [9]
Overfull \hbox (30.43875pt too wide) in paragraph at lines 519--521
[]\T1/ptm/m/n/10 Optional op-ti-mizer con-fig-u-ra-tion; if []\T1/zi4/m/n/10 NU
LL[]\T1/ptm/m/n/10 , de-faults to []\T1/zi4/m/n/10 PLNPCA_param()$config_optim[
]\T1/ptm/m/n/10 . 
[10] [11]
Overfull \hbox (0.39792pt too wide) in paragraph at lines 618--620
[]\T1/ptm/m/n/10 List with nu-meric bounds for the vari-a-tional scales []\T1/z
i4/m/n/10 S[]\T1/ptm/m/n/10 : el-e-ments []\T1/zi4/m/n/10 lower []\T1/ptm/m/n/1
0 and []\T1/zi4/m/n/10 upper[]\T1/ptm/m/n/10 .

Overfull \hbox (1.47813pt too wide) in paragraph at lines 649--655
[]\T1/ptm/m/n/10 List with pre-dic-tors and ex-pected counts: []\T1/zi4/m/n/10 
mu []\T1/ptm/m/n/10 ([]\T1/zi4/m/n/10 n x p[]\T1/ptm/m/n/10 , abun-dance mean),
 []\T1/zi4/m/n/10 nu []\T1/ptm/m/n/10 ([]\T1/zi4/m/n/10 n x p[]\T1/ptm/m/n/10 ,
 zero[]inflation
[12] [13]
Overfull \hbox (34.75848pt too wide) in paragraph at lines 737--739
[]\T1/ptm/m/n/10 Optional list of op-ti-mizer con-trols. If []\T1/zi4/m/n/10 NU
LL[]\T1/ptm/m/n/10 , de-faults to []\T1/zi4/m/n/10 PLNPCA_param()$config_optim[
]\T1/ptm/m/n/10 . 
[14]
Overfull \hbox (27.03845pt too wide) in paragraph at lines 776--778
[]\T1/ptm/m/n/10 ELBO gra-di-ents w.r.t. cor-re-spond-ing pa-ram-e-ters (via []
[][]\T1/zi4/m/n/10 Elbo_grad[][][][]\T1/ptm/m/n/10 ). 
[15]
Overfull \hbox (20.64726pt too wide) in paragraph at lines 858--864
\T1/ptm/m/n/10 ob-jec-tive. Box con-straints for []\T1/zi4/m/n/10 S []\T1/ptm/m
/n/10 are set us-ing []\T1/zi4/m/n/10 config_vem$tolS []\T1/ptm/m/n/10 and in-j
ected into []\T1/zi4/m/n/10 config$upper_bounds

Overfull \hbox (15.5597pt too wide) in paragraph at lines 858--864
[]\T1/ptm/m/n/10 and []\T1/zi4/m/n/10 config$lower_bounds[]\T1/ptm/m/n/10 . Eac
h block up-date calls the back-end []\T1/zi4/m/n/10 nlopt_optimize_ZIP_Steps(da
ta,
[16]
Overfull \hbox (13.09863pt too wide) in paragraph at lines 891--893
[]\T1/ptm/m/n/10 ELBO gra-di-ents w.r.t. each pa-ram-e-ter block (from [][][]\T
1/zi4/m/n/10 Elbo_grad[][][][]\T1/ptm/m/n/10 )

Overfull \hbox (12.75603pt too wide) in paragraph at lines 923--927
\T1/ptm/m/n/10 miss-ing val-ues us-ing a sin-gle call to a vari-a-tional op-ti-
miza-tion back-end (VE). Re-turns model/variational
[17]
Overfull \hbox (1.2782pt too wide) in paragraph at lines 993--994
[]\T1/ptm/m/n/10 Decomposition terms of the ELBO (as re-turned by the back-
[18] (/usr/share/texlive/texmf-dist/tex/latex/psnfss/ts1ptm.fd) [19] [20]
[21] [22] [23] (/tmp/RtmpqNfmlJ/Rd2pdf9c5b22c69e498/Rd2.ind [24] [25])
(/tmp/RtmpqNfmlJ/Rd2pdf9c5b22c69e498/Rd2.aux) )
(see the transcript file for additional information){/usr/share/texlive/texmf-d
ist/fonts/enc/dvips/base/8r.enc}{/usr/share/texlive/texmf-dist/fonts/enc/dvips/
inconsolata/i4-t1-0.enc}</usr/share/texlive/texmf-dist/fonts/type1/public/incon
solata/Inconsolata-zi4r.pfb></usr/share/texlive/texmf-dist/fonts/type1/public/a
msfonts/cm/cmbx10.pfb></usr/share/texlive/texmf-dist/fonts/type1/public/amsfont
s/cm/cmex10.pfb></usr/share/texlive/texmf-dist/fonts/type1/public/amsfonts/cm/c
mmi10.pfb></usr/share/texlive/texmf-dist/fonts/type1/public/amsfonts/cm/cmmi7.p
fb></usr/share/texlive/texmf-dist/fonts/type1/public/amsfonts/cm/cmr10.pfb></us
r/share/texlive/texmf-dist/fonts/type1/public/amsfonts/cm/cmr7.pfb></usr/share/
texlive/texmf-dist/fonts/type1/public/amsfonts/cm/cmsy10.pfb></usr/share/texliv
e/texmf-dist/fonts/type1/public/amsfonts/cm/cmsy7.pfb></usr/share/texlive/texmf
-dist/fonts/type1/urw/times/utmb8a.pfb></usr/share/texlive/texmf-dist/fonts/typ
e1/urw/times/utmr8a.pfb></usr/share/texlive/texmf-dist/fonts/type1/urw/times/ut
mr8a.pfb></usr/share/texlive/texmf-dist/fonts/type1/urw/times/utmri8a.pfb>
Output written on Rd2.pdf (25 pages, 221942 bytes).
Transcript written on Rd2.log.
Saving output to ‘colvR-manual.pdf’ ...
Done
You may want to clean up by 'rm -Rf /tmp/RtmpqNfmlJ/Rd2pdf9c5b22c69e498'
